[0] = Boolean AlwaysTrue()
[1] = Boolean NeverFalse()
