Event callbacks for Poco

ProcessCompleted
	[0] Void HandleProcessCompleted(System.Object, System.EventArgs)
	[1] Void HandleProcessStarted(System.Object, System.EventArgs)

