Event callbacks for Poco

ProcessCompleted
	[0] Void HandleProcessCompleted(System.Object, System.EventArgs)

ProcessStarted
	[0] Void HandleProcessStarted(System.Object, System.EventArgs)

