[0] = Void LogCompletionTime(System.Object, System.EventArgs)
