ProcessCompleted
	[0] Void HandleProcessCompleted(System.Object, System.EventArgs)

