[0] = System.EventHandler
[1] = System.ComponentModel.CancelEventHandler
[2] = System.Windows.Forms.FormClosingEventHandler
[3] = System.Windows.Forms.FormClosedEventHandler
[4] = System.Windows.Forms.InputLanguageChangedEventHandler
[5] = System.Windows.Forms.InputLanguageChangingEventHandler
[6] = System.Windows.Forms.ScrollEventHandler
[7] = System.Windows.Forms.ControlEventHandler
[8] = System.Windows.Forms.DragEventHandler
[9] = System.Windows.Forms.GiveFeedbackEventHandler
[10] = System.Windows.Forms.HelpEventHandler
[11] = System.Windows.Forms.InvalidateEventHandler
[12] = System.Windows.Forms.PaintEventHandler
[13] = System.Windows.Forms.QueryContinueDragEventHandler
[14] = System.Windows.Forms.QueryAccessibilityHelpEventHandler
[15] = System.Windows.Forms.KeyEventHandler
[16] = System.Windows.Forms.KeyPressEventHandler
[17] = System.Windows.Forms.LayoutEventHandler
[18] = System.Windows.Forms.MouseEventHandler
[19] = System.Windows.Forms.PreviewKeyDownEventHandler
[20] = System.Windows.Forms.UICuesEventHandler
