ListEntryWrapper
{
	Handler: NULL
	Key: NULL
	Next: NULL
}
